
> myportfolio@3.0.0 test:run
> vitest --run


[1m[46m RUN [49m[22m [36mv4.0.17 [39m[90mE:/MyProjects/Personal/MyPortFolio/portfolio[39m

 [31mÔØ»[39m src/shared/services/authService.test.ts [2m([22m[2m8 tests[22m[2m | [22m[31m5 failed[39m[2m)[22m[32m 21[2mms[22m[39m
[31m       [31m├ù[31m stores token in localStorage[39m[32m 10[2mms[22m[39m
[31m       [31m├ù[31m returns null when no token exists[39m[32m 2[2mms[22m[39m
[31m       [31m├ù[31m returns token when it exists[39m[32m 1[2mms[22m[39m
       [32mÔ£ô[39m returns false when no token exists[32m 1[2mms[22m[39m
[31m       [31m├ù[31m returns true when valid token exists[39m[32m 3[2mms[22m[39m
       [32mÔ£ô[39m returns false for short tokens[32m 0[2mms[22m[39m
       [32mÔ£ô[39m returns false for placeholder token[32m 0[2mms[22m[39m
[31m       [31m├ù[31m removes token from localStorage[39m[32m 1[2mms[22m[39m
node.exe : [90mstderr[2m | src/shared/ser
vices/googleSheets.test.ts[2m > 
[22m[2mGoogleSheetsService[2m > 
[22m[2mrequest[2m > [22m[2mhandles 
network errors gracefully
At line:1 char:1
+ & "C:\Program Files\nodejs/node.exe" 
"C:\Program Files\nodejs/node_mo ...
+ ~~~~~~~~~~~~~~~~~~~~~~~~~~~~~~~~~~~~~~~~~
~~~~~~~~~~~~~~~~~~~~~~~~~~~~
    + CategoryInfo          : NotSpecified 
   : ([90mstderr[2m...rors gracefully:S  
  tring) [], RemoteException
    + FullyQualifiedErrorId : NativeComman 
   dError
 
[22m[39mAPI Request Failed Error: 
Network error
    at E:/MyProjects/Personal/MyPortFolio/p
ortfolio/src/shared/services/googleSheets.t
est.ts:35:54
    at [90mfile:///E:/MyProjects/Personal/
MyPortFolio/portfolio/[39mnode_modules/[4
m@vitest/runner[24m/dist/index.js:145:11
    at [90mfile:///E:/MyProjects/Personal/
MyPortFolio/portfolio/[39mnode_modules/[4
m@vitest/runner[24m/dist/index.js:915:26
    at [90mfile:///E:/MyProjects/Personal/
MyPortFolio/portfolio/[39mnode_modules/[4
m@vitest/runner[24m/dist/index.js:1243:20
    at new Promise (<anonymous>)
    at runWithTimeout [90m(file:///E:/MyPr
ojects/Personal/MyPortFolio/portfolio/[39m
node_modules/[4m@vitest/runner[24m/dist/i
ndex.js:1209:10[90m)[39m
    at [90mfile:///E:/MyProjects/Personal/
MyPortFolio/portfolio/[39mnode_modules/[4
m@vitest/runner[24m/dist/index.js:1653:37
    at Traces.$ [90m(file:///E:/MyProjects
/Personal/MyPortFolio/portfolio/[39mnode_m
odules/[4mvitest[24m/dist/chunks/traces.C
CmnQaNT.js:142:27[90m)[39m
    at trace [90m(file:///E:/MyProjects/Pe
rsonal/MyPortFolio/portfolio/[39mnode_modu
les/[4mvitest[24m/dist/chunks/test.B8ej_Z
HS.js:239:21[90m)[39m
    at runTest [90m(file:///E:/MyProjects/
Personal/MyPortFolio/portfolio/[39mnode_mo
dules/[4m@vitest/runner[24m/dist/index.js
:1653:12[90m)[39m

[90mstderr[2m | src/shared/services/googl
eSheets.test.ts[2m > 
[22m[2mGoogleSheetsService[2m > 
[22m[2mrequest[2m > [22m[2mreturns 
configuration error when SCRIPT_URL is 
missing
[22m[39mVITE_GOOGLE_SCRIPT_URL is 
missing.

[90mstderr[2m | src/shared/services/googl
eSheets.test.ts[2m > 
[22m[2mGoogleSheetsService[2m > 
[22m[2mrequest[2m > [22m[2msends POST 
request with correct headers
[22m[39mVITE_GOOGLE_SCRIPT_URL is 
missing.

[90mstderr[2m | src/shared/services/googl
eSheets.test.ts[2m > 
[22m[2mGoogleSheetsService[2m > 
[22m[2mgetAllData[2m > [22m[2mcalls 
request with getData action
[22m[39mVITE_GOOGLE_SCRIPT_URL is 
missing.

[90mstderr[2m | src/shared/services/googl
eSheets.test.ts[2m > 
[22m[2mGoogleSheetsService[2m > 
[22m[2mcreateItem[2m > [22m[2mmaps 
endpoint to correct action
[22m[39mVITE_GOOGLE_SCRIPT_URL is 
missing.

[90mstderr[2m | src/shared/services/googl
eSheets.test.ts[2m > 
[22m[2mGoogleSheetsService[2m > 
[22m[2mupdateItem[2m > [22m[2mhandles 
Settings endpoint without ID
[22m[39mVITE_GOOGLE_SCRIPT_URL is 
missing.

[90mstderr[2m | src/shared/services/googl
eSheets.test.ts[2m > 
[22m[2mGoogleSheetsService[2m > 
[22m[2mupdateItem[2m > 
[22m[2mincludes ID for regular endpoints
[22m[39mVITE_GOOGLE_SCRIPT_URL is 
missing.

[90mstderr[2m | src/shared/services/googl
eSheets.test.ts[2m > 
[22m[2mGoogleSheetsService[2m > 
[22m[2mdeleteItem[2m > [22m[2msends 
delete action with ID
[22m[39mVITE_GOOGLE_SCRIPT_URL is 
missing.

[90mstderr[2m | src/shared/services/googl
eSheets.test.ts[2m > 
[22m[2mGoogleSheetsService[2m > 
[22m[2mmapAction[2m > [22m[2mmaps 
Messages update to updateMessageStatus
[22m[39mVITE_GOOGLE_SCRIPT_URL is 
missing.

[90mstderr[2m | src/shared/services/googl
eSheets.test.ts[2m > 
[22m[2mGoogleSheetsService[2m > 
[22m[2mlogin[2m > [22m[2msends LOGIN 
action with password
[22m[39mVITE_GOOGLE_SCRIPT_URL is 
missing.

 [31mÔØ»[39m src/shared/services/googleSheets.test.ts [2m([22m[2m11 tests[22m[2m | [22m[31m9 failed[39m[2m)[22m[32m 33[2mms[22m[39m
[31m       [31m├ù[31m includes auth token from localStorage in requests[39m[32m 16[2mms[22m[39m
       [32mÔ£ô[39m handles network errors gracefully[32m 4[2mms[22m[39m
       [32mÔ£ô[39m returns configuration error when SCRIPT_URL is missing[32m 1[2mms[22m[39m
[31m       [31m├ù[31m sends POST request with correct headers[39m[32m 1[2mms[22m[39m
[31m       [31m├ù[31m calls request with getData action[39m[32m 1[2mms[22m[39m
[31m       [31m├ù[31m maps endpoint to correct action[39m[32m 1[2mms[22m[39m
[31m       [31m├ù[31m handles Settings endpoint without ID[39m[32m 1[2mms[22m[39m
[31m       [31m├ù[31m includes ID for regular endpoints[39m[32m 1[2mms[22m[39m
[31m       [31m├ù[31m sends delete action with ID[39m[32m 1[2mms[22m[39m
[31m       [31m├ù[31m maps Messages update to updateMessageStatus[39m[32m 1[2mms[22m[39m
[31m       [31m├ù[31m sends LOGIN action with password[39m[32m 1[2mms[22m[39m
 [31mÔØ»[39m src/shared/components/SkeletonLoader.test.tsx [2m([22m[2m7 tests[22m[2m | [22m[31m4 failed[39m[2m)[22m[32m 113[2mms[22m[39m
     [32mÔ£ô[39m renders card variant correctly[32m 43[2mms[22m[39m
     [32mÔ£ô[39m renders list variant correctly[32m 12[2mms[22m[39m
[31m     [31m├ù[31m renders text variant correctly[39m[32m 19[2mms[22m[39m
[31m     [31m├ù[31m respects custom count prop[39m[32m 13[2mms[22m[39m
[31m     [31m├ù[31m respects custom lines prop[39m[32m 9[2mms[22m[39m
[31m     [31m├ù[31m applies custom className[39m[32m 10[2mms[22m[39m
     [32mÔ£ô[39m has pulse animation[32m 4[2mms[22m[39m
 [32mÔ£ô[39m src/shared/components/Spinner.test.tsx [2m([22m[2m6 tests[22m[2m)[22m[33m 334[2mms[22m[39m
[90mstdout[2m | src/shared/context/PortfolioContext.test.tsx[2m > [22m[2mPortfolioContext[2m > [22m[2mprovides initial empty state
[22m[39mRaw API Response: {
  projects: [],
  skills: [],
  achievements: [],
  hero: [1mnull[22m,
  resumes: [],
  settings: [1mnull[22m,
  messages: []
}
Messages from API: []

[90mstderr[2m | src/shared/context/Portfo
lioContext.test.tsx[2m > 
[22m[2mPortfolioContext[2m > 
[22m[2mprovides initial empty state
[22m[39mAn update to PortfolioProvider 
inside a test was not wrapped in act(...).

When testing, code that causes React state 
updates should be wrapped into act(...):

act(() => {
  /* fire events that update state */
});
/* assert on the output */

This ensures that you're testing the 
behavior the user would see in the 
browser. Learn more at 
https://react.dev/link/wrap-tests-with-act

[90mstdout[2m | src/shared/context/PortfolioContext.test.tsx[2m > [22m[2mPortfolioContext[2m > [22m[2mloads data on mount
[22m[39mRaw API Response: {
  projects: [ { id: [32m'1'[39m, title: [32m'Test Project'[39m } ],
  skills: [ { id: [32m'1'[39m, name: [32m'React'[39m } ],
  achievements: [],
  hero: [1mnull[22m,
  resumes: [],
  settings: [1mnull[22m,
  messages: []
}
Messages from API: []

[90mstderr[2m | src/shared/context/Portfo
lioContext.test.tsx[2m > 
[22m[2mPortfolioContext[2m > 
[22m[2mhandles API errors gracefully
[22m[39mInitialization Failed Error: 
Network error
    at refresh (E:/MyProjects/Personal/MyPo
rtFolio/portfolio/src/shared/context/Portfo
lioContext.tsx:113:23)

[90mstdout[2m | src/shared/context/PortfolioContext.test.tsx[2m > [22m[2mPortfolioContext[2m > [22m[2msets loading state correctly
[22m[39mRaw API Response: {
  projects: [],
  skills: [],
  achievements: [],
  hero: [1mnull[22m,
  resumes: [],
  settings: [1mnull[22m,
  messages: []
}
Messages from API: []

 [32mÔ£ô[39m src/shared/context/PortfolioContext.test.tsx [2m([22m[2m4 tests[22m[2m)[22m[32m 211[2mms[22m[39m
 [31mÔØ»[39m src/public/components/ui/Card.test.tsx [2m([22m[2m10 tests[22m[2m | [22m[31m7 failed[39m[2m)[22m[32m 82[2mms[22m[39m
     [32mÔ£ô[39m renders children correctly[32m 38[2mms[22m[39m
[31m     [31m├ù[31m applies glass variant styles[39m[32m 13[2mms[22m[39m
[31m     [31m├ù[31m applies solid variant styles[39m[32m 7[2mms[22m[39m
[31m     [31m├ù[31m defaults to solid variant[39m[32m 4[2mms[22m[39m
[31m     [31m├ù[31m applies hover effect when enabled[39m[32m 4[2mms[22m[39m
     [32mÔ£ô[39m does not apply hover effect by default[32m 3[2mms[22m[39m
     [32mÔ£ô[39m applies custom className[32m 2[2mms[22m[39m
[31m     [31m├ù[31m forwards additional props[39m[32m 3[2mms[22m[39m
[31m     [31m├ù[31m has rounded corners[39m[32m 3[2mms[22m[39m
[31m     [31m├ù[31m has transition animation[39m[32m 3[2mms[22m[39m
[90mstderr[2m | src/public/components/ui/
Button.test.tsx[2m > [22m[2mButton[2m 
> [22m[2mshows loading spinner when 
isLoading is true
[22m[39mReact does not recognize the 
`isLoading` prop on a DOM element. If you 
intentionally want it to appear in the DOM 
as a custom attribute, spell it as 
lowercase `isloading` instead. If you 
accidentally passed it from a parent 
component, remove it from the DOM element.

 [31mÔØ»[39m src/public/components/ui/Button.test.tsx [2m([22m[2m17 tests[22m[2m | [22m[31m10 failed[39m[2m)[22m[33m 417[2mms[22m[39m
     [32mÔ£ô[39m renders children correctly[32m 58[2mms[22m[39m
[31m     [31m├ù[31m applies primary variant styles by default[39m[32m 129[2mms[22m[39m
[31m     [31m├ù[31m applies secondary variant styles[39m[32m 11[2mms[22m[39m
[31m     [31m├ù[31m applies outline variant styles[39m[32m 9[2mms[22m[39m
[31m     [31m├ù[31m applies ghost variant styles[39m[32m 11[2mms[22m[39m
[31m     [31m├ù[31m applies small size styles[39m[32m 12[2mms[22m[39m
[31m     [31m├ù[31m applies medium size styles by default[39m[32m 8[2mms[22m[39m
[31m     [31m├ù[31m applies large size styles[39m[32m 10[2mms[22m[39m
[31m     [31m├ù[31m shows loading spinner when isLoading is true[39m[32m 8[2mms[22m[39m
[31m     [31m├ù[31m disables button when isLoading is true[39m[32m 13[2mms[22m[39m
     [32mÔ£ô[39m disables button when disabled prop is true[32m 7[2mms[22m[39m
     [32mÔ£ô[39m calls onClick handler when clicked[32m 41[2mms[22m[39m
     [32mÔ£ô[39m does not call onClick when disabled[32m 41[2mms[22m[39m
     [32mÔ£ô[39m applies custom className[32m 8[2mms[22m[39m
     [32mÔ£ô[39m forwards additional props[32m 2[2mms[22m[39m
     [32mÔ£ô[39m has transition animation[32m 36[2mms[22m[39m
[31m     [31m├ù[31m has active scale effect[39m[32m 10[2mms[22m[39m
 [32mÔ£ô[39m src/shared/utils/validationSchemas.test.ts [2m([22m[2m18 tests[22m[2m)[22m[32m 9[2mms[22m[39m

[31mÔÄ»ÔÄ»ÔÄ»ÔÄ»ÔÄ»ÔÄ»[39m[1m[41m 
Failed Tests 35 
[49m[22m[31mÔÄ»ÔÄ»ÔÄ»ÔÄ»ÔÄ»ÔÄ»ÔÄ»[39m

[41m[1m FAIL [22m[49m src/shared/servic
es/authService.test.ts[2m > 
[22mauthService[2m > [22msetSession[2m 
> [22mstores token in localStorage
[31m[1mAssertionError[22m: expected 
undefined to be 'test-token-123' // 
Object.is equality[39m

[32m- Expected:[39m 
"test-token-123"

[31m+ Received:[39m 
undefined

[36m [2mÔØ»[22m src/shared/services/auth
Service.test.ts:[2m16:62[22m[39m
    [90m 14| [39m        
[34mit[39m([32m'stores token in 
localStorage'[39m[33m,[39m () 
[33m=>[39m {
    [90m 15| [39m            authService
[33m.[39m[34msetSession[39m([32m'test-t
oken-123'[39m)[33m;[39m
    [90m 16| [39m            expect(local
Storage.getItem('admin_auth_token')).toBe('
tesÔÇª
    [90m   | [39m                        
                                     
[31m^[39m
    [90m 17| [39m        })[33m;[39m
    [90m 18| [39m    })[33m;[39m

[31m[2mÔÄ»ÔÄ»ÔÄ»ÔÄ»ÔÄ»ÔÄ»ÔÄ»ÔÄ»ÔÄ»ÔÄ»ÔÄ»Ô
Ä»ÔÄ»ÔÄ»ÔÄ»ÔÄ»ÔÄ»ÔÄ»ÔÄ»ÔÄ»ÔÄ»ÔÄ»ÔÄ»[1/35]ÔÄ
»[22m[39m

[41m[1m FAIL [22m[49m src/shared/servic
es/authService.test.ts[2m > 
[22mauthService[2m > [22mgetToken[2m > 
[22mreturns null when no token exists
[31m[1mAssertionError[22m: expected 
undefined to be null[39m

[32m- Expected:[39m 
null

[31m+ Received:[39m 
undefined

[36m [2mÔØ»[22m src/shared/services/auth
Service.test.ts:[2m22:44[22m[39m
    [90m 20| [39m    [34mdescribe[39m(
[32m'getToken'[39m[33m,[39m () 
[33m=>[39m {
    [90m 21| [39m        
[34mit[39m([32m'returns null when no 
token exists'[39m[33m,[39m () 
[33m=>[39m {
    [90m 22| [39m            [34mexpect
[39m(authService[33m.[39m[34mgetToken[3
9m())[33m.[39m[34mtoBeNull[39m()[33m;
[39m
    [90m   | [39m                        
                   [31m^[39m
    [90m 23| [39m        })[33m;[39m
    [90m 24| [39m

[31m[2mÔÄ»ÔÄ»ÔÄ»ÔÄ»ÔÄ»ÔÄ»ÔÄ»ÔÄ»ÔÄ»ÔÄ»ÔÄ»Ô
Ä»ÔÄ»ÔÄ»ÔÄ»ÔÄ»ÔÄ»ÔÄ»ÔÄ»ÔÄ»ÔÄ»ÔÄ»ÔÄ»[2/35]ÔÄ
»[22m[39m

[41m[1m FAIL [22m[49m src/shared/servic
es/authService.test.ts[2m > 
[22mauthService[2m > [22mgetToken[2m > 
[22mreturns token when it exists
[31m[1mAssertionError[22m: expected 
undefined to be 'valid-token' // Object.is 
equality[39m

[32m- Expected:[39m 
"valid-token"

[31m+ Received:[39m 
undefined

[36m [2mÔØ»[22m src/shared/services/auth
Service.test.ts:[2m27:44[22m[39m
    [90m 25| [39m        
[34mit[39m([32m'returns token when it 
exists'[39m[33m,[39m () [33m=>[39m {
    [90m 26| [39m            authService
[33m.[39m[34msetSession[39m([32m'valid-
token'[39m)[33m;[39m
    [90m 27| [39m            [34mexpect
[39m(authService[33m.[39m[34mgetToken[3
9m())[33m.[39m[34mtoBe[39m([32m'valid-
token'[39m)[33m;[39m
    [90m   | [39m                        
                   [31m^[39m
    [90m 28| [39m        })[33m;[39m
    [90m 29| [39m    })[33m;[39m

[31m[2mÔÄ»ÔÄ»ÔÄ»ÔÄ»ÔÄ»ÔÄ»ÔÄ»ÔÄ»ÔÄ»ÔÄ»ÔÄ»Ô
Ä»ÔÄ»ÔÄ»ÔÄ»ÔÄ»ÔÄ»ÔÄ»ÔÄ»ÔÄ»ÔÄ»ÔÄ»ÔÄ»[3/35]ÔÄ
»[22m[39m

[41m[1m FAIL [22m[49m src/shared/servic
es/authService.test.ts[2m > 
[22mauthService[2m > 
[22misAuthenticated[2m > [22mreturns 
true when valid token exists
[31m[1mAssertionError[22m: expected 
false to be true // Object.is equality[39m

[32m- Expected[39m
[31m+ Received[39m

[32m- true[39m
[31m+ false[39m

[36m [2mÔØ»[22m src/shared/services/auth
Service.test.ts:[2m38:51[22m[39m
    [90m 36| [39m        
[34mit[39m([32m'returns true when valid 
token exists'[39m[33m,[39m () 
[33m=>[39m {
    [90m 37| [39m            authService
[33m.[39m[34msetSession[39m([32m'valid-
long-token-12345'[39m)[33m;[39m
    [90m 38| [39m            [34mexpect
[39m(authService[33m.[39m[34misAuthentic
ated[39m())[33m.[39m[34mtoBe[39m([35m
true[39m)[33m;[39m
    [90m   | [39m                        
                          [31m^[39m
    [90m 39| [39m        })[33m;[39m
    [90m 40| [39m

[31m[2mÔÄ»ÔÄ»ÔÄ»ÔÄ»ÔÄ»ÔÄ»ÔÄ»ÔÄ»ÔÄ»ÔÄ»ÔÄ»Ô
Ä»ÔÄ»ÔÄ»ÔÄ»ÔÄ»ÔÄ»ÔÄ»ÔÄ»ÔÄ»ÔÄ»ÔÄ»ÔÄ»[4/35]ÔÄ
»[22m[39m

[41m[1m FAIL [22m[49m src/shared/servic
es/authService.test.ts[2m > 
[22mauthService[2m > [22mlogout[2m > 
[22mremoves token from localStorage
[31m[1mAssertionError[22m: expected 
undefined to be null[39m

[32m- Expected:[39m 
null

[31m+ Received:[39m 
undefined

[36m [2mÔØ»[22m src/shared/services/auth
Service.test.ts:[2m63:62[22m[39m
    [90m 61| [39m            authService
[33m.[39m[34mlogout[39m()[33m;[39m
    [90m 62| [39m
    [90m 63| [39m            expect(local
Storage.getItem('admin_auth_token')).toBeNu
ll(ÔÇª
    [90m   | [39m                        
                                     
[31m^[39m
    [90m 64| [39m
    [90m 65| [39m            [90m// 
Restore original location[39m

[31m[2mÔÄ»ÔÄ»ÔÄ»ÔÄ»ÔÄ»ÔÄ»ÔÄ»ÔÄ»ÔÄ»ÔÄ»ÔÄ»Ô
Ä»ÔÄ»ÔÄ»ÔÄ»ÔÄ»ÔÄ»ÔÄ»ÔÄ»ÔÄ»ÔÄ»ÔÄ»ÔÄ»[5/35]ÔÄ
»[22m[39m

[41m[1m FAIL [22m[49m src/shared/servic
es/googleSheets.test.ts[2m > 
[22mGoogleSheetsService[2m > 
[22mrequest[2m > [22mincludes auth 
token from localStorage in requests
[31m[1mAssertionError[22m: expected 
"vi.fn()" to be called with arguments: [ 
Any<String>, ObjectContaining{ÔÇª} ][90m

Received: 

[1m  1st vi.fn() call:

[22m[2m  [[22m
[32m-   Any<String>,[90m
[32m-   ObjectContaining {[90m
[32m-     "body": StringContaining 
"test-token-123",[90m
[31m+   
"https://script.google.com/test",[90m
[31m+   {[90m
[31m+     "body": 
"{\"action\":\"getData\"}",[90m
[31m+     "headers": {[90m
[31m+       "Content-Type": 
"text/plain",[90m
[31m+     },[90m
[2m      "method": "POST",[22m
[2m    },[22m
[2m  ][22m
[31m[90m

Number of calls: [1m1[22m
[31m[39m
[36m [2mÔØ»[22m src/shared/services/goog
leSheets.test.ts:[2m25:34[22m[39m
    [90m 23| [39m            
[35mawait[39m [33mGoogleSheetsService[3
9m[33m.[39m[34mrequest[39m({ 
action[33m:[39m [32m'getData'[39m 
})[33m;[39m
    [90m 24| [39m
    [90m 25| [39m            [34mexpect
[39m(global[33m.[39mfetch)[33m.[39m[34
mtoHaveBeenCalledWith[39m(
    [90m   | [39m                        
         [31m^[39m
    [90m 26| [39m                expect[
33m.[39m[34many[39m([33mString[39m)[3
3m,[39m
    [90m 27| [39m                expect[
33m.[39m[34mobjectContaining[39m({

[31m[2mÔÄ»ÔÄ»ÔÄ»ÔÄ»ÔÄ»ÔÄ»ÔÄ»ÔÄ»ÔÄ»ÔÄ»ÔÄ»Ô
Ä»ÔÄ»ÔÄ»ÔÄ»ÔÄ»ÔÄ»ÔÄ»ÔÄ»ÔÄ»ÔÄ»ÔÄ»ÔÄ»[6/35]ÔÄ
»[22m[39m

[41m[1m FAIL [22m[49m src/shared/servic
es/googleSheets.test.ts[2m > 
[22mGoogleSheetsService[2m > 
[22mrequest[2m > [22msends POST request 
with correct headers
[31m[1mAssertionError[22m: expected 
"vi.fn()" to be called with arguments: [ 
Any<String>, ObjectContaining{ÔÇª} ][90m

Number of calls: [1m0[22m
[31m[39m
[36m [2mÔØ»[22m src/shared/services/goog
leSheets.test.ts:[2m59:34[22m[39m
    [90m 57| [39m            
[35mawait[39m [33mGoogleSheetsService[3
9m[33m.[39m[34mrequest[39m({ 
action[33m:[39m [32m'test'[39m 
})[33m;[39m
    [90m 58| [39m
    [90m 59| [39m            [34mexpect
[39m(global[33m.[39mfetch)[33m.[39m[34
mtoHaveBeenCalledWith[39m(
    [90m   | [39m                        
         [31m^[39m
    [90m 60| [39m                expect[
33m.[39m[34many[39m([33mString[39m)[3
3m,[39m
    [90m 61| [39m                expect[
33m.[39m[34mobjectContaining[39m({

[31m[2mÔÄ»ÔÄ»ÔÄ»ÔÄ»ÔÄ»ÔÄ»ÔÄ»ÔÄ»ÔÄ»ÔÄ»ÔÄ»Ô
Ä»ÔÄ»ÔÄ»ÔÄ»ÔÄ»ÔÄ»ÔÄ»ÔÄ»ÔÄ»ÔÄ»ÔÄ»ÔÄ»[7/35]ÔÄ
»[22m[39m

[41m[1m FAIL [22m[49m src/shared/servic
es/googleSheets.test.ts[2m > 
[22mGoogleSheetsService[2m > 
[22mgetAllData[2m > [22mcalls request 
with getData action
[31m[1mAssertionError[22m: expected 
"vi.fn()" to be called at least once[39m
[36m [2mÔØ»[22m src/shared/services/goog
leSheets.test.ts:[2m79:34[22m[39m
    [90m 77| [39m            
[35mawait[39m [33mGoogleSheetsService[3
9m[33m.[39m[34mgetAllData[39m()[33m;[
39m
    [90m 78| [39m
    [90m 79| [39m            [34mexpect
[39m(global[33m.[39mfetch)[33m.[39m[34
mtoHaveBeenCalled[39m()[33m;[39m
    [90m   | [39m                        
         [31m^[39m
    [90m 80| [39m            const 
callBody = JSON.parse((global.fetch as 
any).mock.calÔÇª
    [90m 81| [39m            [34mexpect
[39m(callBody[33m.[39maction)[33m.[39m
[34mtoBe[39m([32m'getData'[39m)[33m;[3
9m

[31m[2mÔÄ»ÔÄ»ÔÄ»ÔÄ»ÔÄ»ÔÄ»ÔÄ»ÔÄ»ÔÄ»ÔÄ»ÔÄ»Ô
Ä»ÔÄ»ÔÄ»ÔÄ»ÔÄ»ÔÄ»ÔÄ»ÔÄ»ÔÄ»ÔÄ»ÔÄ»ÔÄ»[8/35]ÔÄ
»[22m[39m

[41m[1m FAIL [22m[49m src/shared/servic
es/googleSheets.test.ts[2m > 
[22mGoogleSheetsService[2m > 
[22mcreateItem[2m > [22mmaps endpoint 
to correct action
[31m[1mTypeError[22m: Cannot read 
properties of undefined (reading '1')[39m
[36m [2mÔØ»[22m src/shared/services/goog
leSheets.test.ts:[2m93:75[22m[39m
    [90m 91| [39m            await 
GoogleSheetsService.createItem('Projects', 
{ title: ÔÇª
    [90m 92| [39m
    [90m 93| [39m            const 
callBody = JSON.parse((global.fetch as 
any).mock.calÔÇª
    [90m   | [39m                        
                                           
       [31m^[39m
    [90m 94| [39m            [34mexpect
[39m(callBody[33m.[39maction)[33m.[39m
[34mtoBe[39m([32m'addProject'[39m)[33m;
[39m
    [90m 95| [39m        })[33m;[39m

[31m[2mÔÄ»ÔÄ»ÔÄ»ÔÄ»ÔÄ»ÔÄ»ÔÄ»ÔÄ»ÔÄ»ÔÄ»ÔÄ»Ô
Ä»ÔÄ»ÔÄ»ÔÄ»ÔÄ»ÔÄ»ÔÄ»ÔÄ»ÔÄ»ÔÄ»ÔÄ»ÔÄ»[9/35]ÔÄ
»[22m[39m

[41m[1m FAIL [22m[49m src/shared/servic
es/googleSheets.test.ts[2m > 
[22mGoogleSheetsService[2m > 
[22mupdateItem[2m > [22mhandles 
Settings endpoint without ID
[31m[1mTypeError[22m: Cannot read 
properties of undefined (reading '1')[39m
[36m [2mÔØ»[22m src/shared/services/goog
leSheets.test.ts:[2m106:75[22m[39m
    [90m104| [39m            await 
GoogleSheetsService.updateItem('Settings', 
'some-id'ÔÇª
    [90m105| [39m
    [90m106| [39m            const 
callBody = JSON.parse((global.fetch as 
any).mock.calÔÇª
    [90m   | [39m                        
                                           
       [31m^[39m
    [90m107| [39m            [34mexpect
[39m(callBody[33m.[39mid)[33m.[39m[34m
toBeUndefined[39m()[33m;[39m
    [90m108| [39m            [34mexpect
[39m(callBody[33m.[39mdata)[33m.[39m[3
4mtoEqual[39m({ theme[33m:[39m 
[32m'dark'[39m })[33m;[39m

[31m[2mÔÄ»ÔÄ»ÔÄ»ÔÄ»ÔÄ»ÔÄ»ÔÄ»ÔÄ»ÔÄ»ÔÄ»ÔÄ»Ô
Ä»ÔÄ»ÔÄ»ÔÄ»ÔÄ»ÔÄ»ÔÄ»ÔÄ»ÔÄ»ÔÄ»ÔÄ»[10/35]ÔÄ»
[22m[39m

[41m[1m FAIL [22m[49m src/shared/servic
es/googleSheets.test.ts[2m > 
[22mGoogleSheetsService[2m > 
[22mupdateItem[2m > [22mincludes ID for 
regular endpoints
[31m[1mTypeError[22m: Cannot read 
properties of undefined (reading '1')[39m
[36m [2mÔØ»[22m src/shared/services/goog
leSheets.test.ts:[2m118:75[22m[39m
    [90m116| [39m            await 
GoogleSheetsService.updateItem('Projects', 
'proj-123ÔÇª
    [90m117| [39m
    [90m118| [39m            const 
callBody = JSON.parse((global.fetch as 
any).mock.calÔÇª
    [90m   | [39m                        
                                           
       [31m^[39m
    [90m119| [39m            [34mexpect
[39m(callBody[33m.[39mid)[33m.[39m[34m
toBe[39m([32m'proj-123'[39m)[33m;[39m
    [90m120| [39m        })[33m;[39m

[31m[2mÔÄ»ÔÄ»ÔÄ»ÔÄ»ÔÄ»ÔÄ»ÔÄ»ÔÄ»ÔÄ»ÔÄ»ÔÄ»Ô
Ä»ÔÄ»ÔÄ»ÔÄ»ÔÄ»ÔÄ»ÔÄ»ÔÄ»ÔÄ»ÔÄ»ÔÄ»[11/35]ÔÄ»
[22m[39m

[41m[1m FAIL [22m[49m src/shared/servic
es/googleSheets.test.ts[2m > 
[22mGoogleSheetsService[2m > 
[22mdeleteItem[2m > [22msends delete 
action with ID
[31m[1mTypeError[22m: Cannot read 
properties of undefined (reading '1')[39m
[36m [2mÔØ»[22m src/shared/services/goog
leSheets.test.ts:[2m131:75[22m[39m
    [90m129| [39m            await 
GoogleSheetsService.deleteItem('Projects', 
'proj-123ÔÇª
    [90m130| [39m
    [90m131| [39m            const 
callBody = JSON.parse((global.fetch as 
any).mock.calÔÇª
    [90m   | [39m                        
                                           
       [31m^[39m
    [90m132| [39m            [34mexpect
[39m(callBody[33m.[39maction)[33m.[39m
[34mtoBe[39m([32m'deleteProject'[39m)[3
3m;[39m
    [90m133| [39m            [34mexpect
[39m(callBody[33m.[39mid)[33m.[39m[34m
toBe[39m([32m'proj-123'[39m)[33m;[39m

[31m[2mÔÄ»ÔÄ»ÔÄ»ÔÄ»ÔÄ»ÔÄ»ÔÄ»ÔÄ»ÔÄ»ÔÄ»ÔÄ»Ô
Ä»ÔÄ»ÔÄ»ÔÄ»ÔÄ»ÔÄ»ÔÄ»ÔÄ»ÔÄ»ÔÄ»ÔÄ»[12/35]ÔÄ»
[22m[39m

[41m[1m FAIL [22m[49m src/shared/servic
es/googleSheets.test.ts[2m > 
[22mGoogleSheetsService[2m > 
[22mmapAction[2m > [22mmaps Messages 
update to updateMessageStatus
[31m[1mTypeError[22m: Cannot read 
properties of undefined (reading '1')[39m
[36m [2mÔØ»[22m src/shared/services/goog
leSheets.test.ts:[2m145:75[22m[39m
    [90m143| [39m            await 
GoogleSheetsService.updateItem('Messages', 
'msg-123'ÔÇª
    [90m144| [39m
    [90m145| [39m            const 
callBody = JSON.parse((global.fetch as 
any).mock.calÔÇª
    [90m   | [39m                        
                                           
       [31m^[39m
    [90m146| [39m            [34mexpect
[39m(callBody[33m.[39maction)[33m.[39m
[34mtoBe[39m([32m'updateMessageStatus'[3
9m)[33m;[39m
    [90m147| [39m        })[33m;[39m

[31m[2mÔÄ»ÔÄ»ÔÄ»ÔÄ»ÔÄ»ÔÄ»ÔÄ»ÔÄ»ÔÄ»ÔÄ»ÔÄ»Ô
Ä»ÔÄ»ÔÄ»ÔÄ»ÔÄ»ÔÄ»ÔÄ»ÔÄ»ÔÄ»ÔÄ»ÔÄ»[13/35]ÔÄ»
[22m[39m

[41m[1m FAIL [22m[49m src/shared/servic
es/googleSheets.test.ts[2m > 
[22mGoogleSheetsService[2m > 
[22mlogin[2m > [22msends LOGIN action 
with password
[31m[1mTypeError[22m: Cannot read 
properties of undefined (reading '1')[39m
[36m [2mÔØ»[22m src/shared/services/goog
leSheets.test.ts:[2m161:75[22m[39m
    [90m159| [39m            const 
result = await 
GoogleSheetsService.login('password12ÔÇª
    [90m160| [39m
    [90m161| [39m            const 
callBody = JSON.parse((global.fetch as 
any).mock.calÔÇª
    [90m   | [39m                        
                                           
       [31m^[39m
    [90m162| [39m            [34mexpect
[39m(callBody[33m.[39maction)[33m.[39m
[34mtoBe[39m([32m'LOGIN'[39m)[33m;[39m
    [90m163| [39m            [34mexpect
[39m(callBody[33m.[39mdata[33m.[39mpass
word)[33m.[39m[34mtoBe[39m([32m'passwo
rd123'[39m)[33m;[39m

[31m[2mÔÄ»ÔÄ»ÔÄ»ÔÄ»ÔÄ»ÔÄ»ÔÄ»ÔÄ»ÔÄ»ÔÄ»ÔÄ»Ô
Ä»ÔÄ»ÔÄ»ÔÄ»ÔÄ»ÔÄ»ÔÄ»ÔÄ»ÔÄ»ÔÄ»ÔÄ»[14/35]ÔÄ»
[22m[39m

[41m[1m FAIL [22m[49m src/shared/compon
ents/SkeletonLoader.test.tsx[2m > 
[22mSkeletonLoader[2m > [22mrenders 
text variant correctly
[31m[1mAssertionError[22m: expected 2 
to be 5 // Object.is equality[39m

[32m- Expected[39m
[31m+ Received[39m

[32m- 5[39m
[31m+ 2[39m

[36m [2mÔØ»[22m src/shared/components/Sk
eletonLoader.test.tsx:[2m20:30[22m[39m
    [90m 18| [39m        const { 
container } = render(<SkeletonLoader 
variant="text" liÔÇª
    [90m 19| [39m        [35mconst[39m 
lines [33m=[39m container[33m.[39m[34m
querySelectorAll[39m([32m'.h-4'[39m)[33
m;[39m
    [90m 20| [39m        [34mexpect[39m
(lines[33m.[39mlength)[33m.[39m[34mtoB
e[39m([34m5[39m)[33m;[39m
    [90m   | [39m                        
     [31m^[39m
    [90m 21| [39m    })[33m;[39m
    [90m 22| [39m

[31m[2mÔÄ»ÔÄ»ÔÄ»ÔÄ»ÔÄ»ÔÄ»ÔÄ»ÔÄ»ÔÄ»ÔÄ»ÔÄ»Ô
Ä»ÔÄ»ÔÄ»ÔÄ»ÔÄ»ÔÄ»ÔÄ»ÔÄ»ÔÄ»ÔÄ»ÔÄ»[15/35]ÔÄ»
[22m[39m

[41m[1m FAIL [22m[49m src/shared/compon
ents/SkeletonLoader.test.tsx[2m > 
[22mSkeletonLoader[2m > [22mrespects 
custom count prop
[31m[1mAssertionError[22m: expected +0 
to be 5 // Object.is equality[39m

[32m- Expected[39m
[31m+ Received[39m

[32m- 5[39m
[31m+ 0[39m

[36m [2mÔØ»[22m src/shared/components/Sk
eletonLoader.test.tsx:[2m26:30[22m[39m
    [90m 24| [39m        const { 
container } = render(<SkeletonLoader 
variant="list" coÔÇª
    [90m 25| [39m        [35mconst[39m 
items [33m=[39m container[33m.[39m[34m
querySelectorAll[39m([32m'.space-y-4 > 
div'[39m)[33m;[39m
    [90m 26| [39m        [34mexpect[39m
(items[33m.[39mlength)[33m.[39m[34mtoB
e[39m([34m5[39m)[33m;[39m
    [90m   | [39m                        
     [31m^[39m
    [90m 27| [39m    })[33m;[39m
    [90m 28| [39m

[31m[2mÔÄ»ÔÄ»ÔÄ»ÔÄ»ÔÄ»ÔÄ»ÔÄ»ÔÄ»ÔÄ»ÔÄ»ÔÄ»Ô
Ä»ÔÄ»ÔÄ»ÔÄ»ÔÄ»ÔÄ»ÔÄ»ÔÄ»ÔÄ»ÔÄ»ÔÄ»[16/35]ÔÄ»
[22m[39m

[41m[1m FAIL [22m[49m src/shared/compon
ents/SkeletonLoader.test.tsx[2m > 
[22mSkeletonLoader[2m > [22mrespects 
custom lines prop
[31m[1mAssertionError[22m: expected 2 
to be 10 // Object.is equality[39m

[32m- Expected[39m
[31m+ Received[39m

[32m- 10[39m
[31m+ 2[39m

[36m [2mÔØ»[22m src/shared/components/Sk
eletonLoader.test.tsx:[2m32:30[22m[39m
    [90m 30| [39m        const { 
container } = render(<SkeletonLoader 
variant="text" liÔÇª
    [90m 31| [39m        [35mconst[39m 
lines [33m=[39m container[33m.[39m[34m
querySelectorAll[39m([32m'.h-4'[39m)[33
m;[39m
    [90m 32| [39m        [34mexpect[39m
(lines[33m.[39mlength)[33m.[39m[34mtoB
e[39m([34m10[39m)[33m;[39m
    [90m   | [39m                        
     [31m^[39m
    [90m 33| [39m    })[33m;[39m
    [90m 34| [39m

[31m[2mÔÄ»ÔÄ»ÔÄ»ÔÄ»ÔÄ»ÔÄ»ÔÄ»ÔÄ»ÔÄ»ÔÄ»ÔÄ»Ô
Ä»ÔÄ»ÔÄ»ÔÄ»ÔÄ»ÔÄ»ÔÄ»ÔÄ»ÔÄ»ÔÄ»ÔÄ»[17/35]ÔÄ»
[22m[39m

[41m[1m FAIL [22m[49m src/shared/compon
ents/SkeletonLoader.test.tsx[2m > 
[22mSkeletonLoader[2m > [22mapplies 
custom className
[31m[1mError[22m: [2mexpect([22m[31me
lement[31m[2m).toHaveClass([22m[32m[32
m"custom-class"[32m[31m[2m)[22m

Expected the element to have class:
[32m  custom-class[31m
Received:
[31m  bg-surface-dark rounded-lg p-6 
animate-pulse[31m[39m
[36m [2mÔØ»[22m src/shared/components/Sk
eletonLoader.test.tsx:[2m37:38[22m[39m
    [90m 35| [39m    
[34mit[39m([32m'applies custom 
className'[39m[33m,[39m () [33m=>[39m 
{
    [90m 36| [39m        const { 
container } = render(<SkeletonLoader 
variant="card" clÔÇª
    [90m 37| [39m        [34mexpect[39m
(container[33m.[39mfirstChild)[33m.[39m
[34mtoHaveClass[39m([32m'custom-class'[
39m)[33m;[39m
    [90m   | [39m                        
             [31m^[39m
    [90m 38| [39m    })[33m;[39m
    [90m 39| [39m

[31m[2mÔÄ»ÔÄ»ÔÄ»ÔÄ»ÔÄ»ÔÄ»ÔÄ»ÔÄ»ÔÄ»ÔÄ»ÔÄ»Ô
Ä»ÔÄ»ÔÄ»ÔÄ»ÔÄ»ÔÄ»ÔÄ»ÔÄ»ÔÄ»ÔÄ»ÔÄ»[18/35]ÔÄ»
[22m[39m

[41m[1m FAIL [22m[49m src/public/compon
ents/ui/Button.test.tsx[2m > 
[22mButton[2m > [22mapplies primary 
variant styles by default
[31m[1mError[22m: [2mexpect([22m[31me
lement[31m[2m).toHaveClass([22m[32m[32
m"bg-primary"[32m[31m[2m)[22m

Expected the element to have class:
[32m  bg-primary[31m
Received:
[31m  rounded-xl font-semibold 
transition-all duration-300 
focus:outline-none focus:ring-4 
focus:ring-accent/50 text-base py-3 px-6 
inline-flex justify-center items-center 
bg-accent text-white 
hover:bg-accent-secondary hover:shadow-lg 
hover:shadow-accent/30[31m[39m
[36m [2mÔØ»[22m src/public/components/ui
/Button.test.tsx:[2m15:24[22m[39m
    [90m 13| [39m        [34mrender[39m
([33m<[39m[33mButton[39m[33m>[39mButt
on[33m<[39m[33m/[39m[33mButton[39m[3
3m>[39m)[33m;[39m
    [90m 14| [39m        [35mconst[39m 
button [33m=[39m screen[33m.[39m[34mge
tByRole[39m([32m'button'[39m)[33m;[39m
    [90m 15| [39m        [34mexpect[39m
(button)[33m.[39m[34mtoHaveClass[39m([
32m'bg-primary'[39m)[33m;[39m
    [90m   | [39m                       
[31m^[39m
    [90m 16| [39m    })[33m;[39m
    [90m 17| [39m

[31m[2mÔÄ»ÔÄ»ÔÄ»ÔÄ»ÔÄ»ÔÄ»ÔÄ»ÔÄ»ÔÄ»ÔÄ»ÔÄ»Ô
Ä»ÔÄ»ÔÄ»ÔÄ»ÔÄ»ÔÄ»ÔÄ»ÔÄ»ÔÄ»ÔÄ»ÔÄ»[19/35]ÔÄ»
[22m[39m

[41m[1m FAIL [22m[49m src/public/compon
ents/ui/Button.test.tsx[2m > 
[22mButton[2m > [22mapplies secondary 
variant styles
[31m[1mError[22m: [2mexpect([22m[31me
lement[31m[2m).toHaveClass([22m[32m[32
m"bg-white"[32m[31m[2m)[22m

Expected the element to have class:
[32m  bg-white[31m
Received:
[31m  rounded-xl font-semibold 
transition-all duration-300 
focus:outline-none focus:ring-4 
focus:ring-accent/50 text-base py-3 px-6 
inline-flex justify-center items-center 
bg-gray-700 text-white 
hover:bg-gray-600[31m[39m
[36m [2mÔØ»[22m src/public/components/ui
/Button.test.tsx:[2m21:24[22m[39m
    [90m 19| [39m        [34mrender[39m
([33m<[39m[33mButton[39m [33mvariant[
39m[33m=[39m[32m"secondary"[39m[33m>[
39mButton[33m<[39m[33m/[39m[33mButton
[39m[33m>[39m)[33m;[39m
    [90m 20| [39m        [35mconst[39m 
button [33m=[39m screen[33m.[39m[34mge
tByRole[39m([32m'button'[39m)[33m;[39m
    [90m 21| [39m        [34mexpect[39m
(button)[33m.[39m[34mtoHaveClass[39m([
32m'bg-white'[39m)[33m;[39m
    [90m   | [39m                       
[31m^[39m
    [90m 22| [39m    })[33m;[39m
    [90m 23| [39m

[31m[2mÔÄ»ÔÄ»ÔÄ»ÔÄ»ÔÄ»ÔÄ»ÔÄ»ÔÄ»ÔÄ»ÔÄ»ÔÄ»Ô
Ä»ÔÄ»ÔÄ»ÔÄ»ÔÄ»ÔÄ»ÔÄ»ÔÄ»ÔÄ»ÔÄ»ÔÄ»[20/35]ÔÄ»
[22m[39m

[41m[1m FAIL [22m[49m src/public/compon
ents/ui/Button.test.tsx[2m > 
[22mButton[2m > [22mapplies outline 
variant styles
[31m[1mError[22m: [2mexpect([22m[31me
lement[31m[2m).toHaveClass([22m[32m[32
m"bg-transparent"[32m[31m[2m)[22m

Expected the element to have class:
[32m  bg-transparent[31m
Received:
[31m  rounded-xl font-semibold 
transition-all duration-300 
focus:outline-none focus:ring-4 
focus:ring-accent/50 text-base py-3 px-6 
inline-flex justify-center items-center 
border-2 border-accent text-accent 
hover:bg-accent hover:text-white 
hover:shadow-lg 
hover:shadow-accent/30[31m[39m
[36m [2mÔØ»[22m src/public/components/ui
/Button.test.tsx:[2m27:24[22m[39m
    [90m 25| [39m        [34mrender[39m
([33m<[39m[33mButton[39m [33mvariant[
39m[33m=[39m[32m"outline"[39m[33m>[39
mButton[33m<[39m[33m/[39m[33mButton[3
9m[33m>[39m)[33m;[39m
    [90m 26| [39m        [35mconst[39m 
button [33m=[39m screen[33m.[39m[34mge
tByRole[39m([32m'button'[39m)[33m;[39m
    [90m 27| [39m        [34mexpect[39m
(button)[33m.[39m[34mtoHaveClass[39m([
32m'bg-transparent'[39m)[33m;[39m
    [90m   | [39m                       
[31m^[39m
    [90m 28| [39m        [34mexpect[39m
(button)[33m.[39m[34mtoHaveClass[39m([
32m'border-border'[39m)[33m;[39m
    [90m 29| [39m    })[33m;[39m

[31m[2mÔÄ»ÔÄ»ÔÄ»ÔÄ»ÔÄ»ÔÄ»ÔÄ»ÔÄ»ÔÄ»ÔÄ»ÔÄ»Ô
Ä»ÔÄ»ÔÄ»ÔÄ»ÔÄ»ÔÄ»ÔÄ»ÔÄ»ÔÄ»ÔÄ»ÔÄ»[21/35]ÔÄ»
[22m[39m

[41m[1m FAIL [22m[49m src/public/compon
ents/ui/Button.test.tsx[2m > 
[22mButton[2m > [22mapplies ghost 
variant styles
[31m[1mError[22m: [2mexpect([22m[31me
lement[31m[2m).toHaveClass([22m[32m[32
m"bg-transparent"[32m[31m[2m)[22m

Expected the element to have class:
[32m  bg-transparent[31m
Received:
[31m  rounded-xl font-semibold 
transition-all duration-300 
focus:outline-none focus:ring-4 
focus:ring-accent/50 text-base py-3 px-6 
inline-flex justify-center items-center 
text-accent hover:bg-card/50 
hover:text-accent-secondary[31m[39m
[36m [2mÔØ»[22m src/public/components/ui
/Button.test.tsx:[2m34:24[22m[39m
    [90m 32| [39m        [34mrender[39m
([33m<[39m[33mButton[39m [33mvariant[
39m[33m=[39m[32m"ghost"[39m[33m>[39mB
utton[33m<[39m[33m/[39m[33mButton[39m
[33m>[39m)[33m;[39m
    [90m 33| [39m        [35mconst[39m 
button [33m=[39m screen[33m.[39m[34mge
tByRole[39m([32m'button'[39m)[33m;[39m
    [90m 34| [39m        [34mexpect[39m
(button)[33m.[39m[34mtoHaveClass[39m([
32m'bg-transparent'[39m)[33m;[39m
    [90m   | [39m                       
[31m^[39m
    [90m 35| [39m    })[33m;[39m
    [90m 36| [39m

[31m[2mÔÄ»ÔÄ»ÔÄ»ÔÄ»ÔÄ»ÔÄ»ÔÄ»ÔÄ»ÔÄ»ÔÄ»ÔÄ»Ô
Ä»ÔÄ»ÔÄ»ÔÄ»ÔÄ»ÔÄ»ÔÄ»ÔÄ»ÔÄ»ÔÄ»ÔÄ»[22/35]ÔÄ»
[22m[39m

[41m[1m FAIL [22m[49m src/public/compon
ents/ui/Button.test.tsx[2m > 
[22mButton[2m > [22mapplies small size 
styles
[31m[1mError[22m: [2mexpect([22m[31me
lement[31m[2m).toHaveClass([22m[32m[32
m"h-9"[32m[31m[2m)[22m

Expected the element to have class:
[32m  h-9[31m
Received:
[31m  rounded-xl font-semibold 
transition-all duration-300 
focus:outline-none focus:ring-4 
focus:ring-accent/50 text-base py-3 px-6 
inline-flex justify-center items-center 
bg-accent text-white 
hover:bg-accent-secondary hover:shadow-lg 
hover:shadow-accent/30[31m[39m
[36m [2mÔØ»[22m src/public/components/ui
/Button.test.tsx:[2m40:24[22m[39m
    [90m 38| [39m        [34mrender[39m
([33m<[39m[33mButton[39m [33msize[39m
[33m=[39m[32m"sm"[39m[33m>[39mButton
[33m<[39m[33m/[39m[33mButton[39m[33m>
[39m)[33m;[39m
    [90m 39| [39m        [35mconst[39m 
button [33m=[39m screen[33m.[39m[34mge
tByRole[39m([32m'button'[39m)[33m;[39m
    [90m 40| [39m        [34mexpect[39m
(button)[33m.[39m[34mtoHaveClass[39m([
32m'h-9'[39m)[33m;[39m
    [90m   | [39m                       
[31m^[39m
    [90m 41| [39m    })[33m;[39m
    [90m 42| [39m

[31m[2mÔÄ»ÔÄ»ÔÄ»ÔÄ»ÔÄ»ÔÄ»ÔÄ»ÔÄ»ÔÄ»ÔÄ»ÔÄ»Ô
Ä»ÔÄ»ÔÄ»ÔÄ»ÔÄ»ÔÄ»ÔÄ»ÔÄ»ÔÄ»ÔÄ»ÔÄ»[23/35]ÔÄ»
[22m[39m

[41m[1m FAIL [22m[49m src/public/compon
ents/ui/Button.test.tsx[2m > 
[22mButton[2m > [22mapplies medium size 
styles by default
[31m[1mError[22m: [2mexpect([22m[31me
lement[31m[2m).toHaveClass([22m[32m[32
m"h-11"[32m[31m[2m)[22m

Expected the element to have class:
[32m  h-11[31m
Received:
[31m  rounded-xl font-semibold 
transition-all duration-300 
focus:outline-none focus:ring-4 
focus:ring-accent/50 text-base py-3 px-6 
inline-flex justify-center items-center 
bg-accent text-white 
hover:bg-accent-secondary hover:shadow-lg 
hover:shadow-accent/30[31m[39m
[36m [2mÔØ»[22m src/public/components/ui
/Button.test.tsx:[2m46:24[22m[39m
    [90m 44| [39m        [34mrender[39m
([33m<[39m[33mButton[39m[33m>[39mButt
on[33m<[39m[33m/[39m[33mButton[39m[3
3m>[39m)[33m;[39m
    [90m 45| [39m        [35mconst[39m 
button [33m=[39m screen[33m.[39m[34mge
tByRole[39m([32m'button'[39m)[33m;[39m
    [90m 46| [39m        [34mexpect[39m
(button)[33m.[39m[34mtoHaveClass[39m([
32m'h-11'[39m)[33m;[39m
    [90m   | [39m                       
[31m^[39m
    [90m 47| [39m    })[33m;[39m
    [90m 48| [39m

[31m[2mÔÄ»ÔÄ»ÔÄ»ÔÄ»ÔÄ»ÔÄ»ÔÄ»ÔÄ»ÔÄ»ÔÄ»ÔÄ»Ô
Ä»ÔÄ»ÔÄ»ÔÄ»ÔÄ»ÔÄ»ÔÄ»ÔÄ»ÔÄ»ÔÄ»ÔÄ»[24/35]ÔÄ»
[22m[39m

[41m[1m FAIL [22m[49m src/public/compon
ents/ui/Button.test.tsx[2m > 
[22mButton[2m > [22mapplies large size 
styles
[31m[1mError[22m: [2mexpect([22m[31me
lement[31m[2m).toHaveClass([22m[32m[32
m"h-14"[32m[31m[2m)[22m

Expected the element to have class:
[32m  h-14[31m
Received:
[31m  rounded-xl font-semibold 
transition-all duration-300 
focus:outline-none focus:ring-4 
focus:ring-accent/50 text-base py-3 px-6 
inline-flex justify-center items-center 
bg-accent text-white 
hover:bg-accent-secondary hover:shadow-lg 
hover:shadow-accent/30[31m[39m
[36m [2mÔØ»[22m src/public/components/ui
/Button.test.tsx:[2m52:24[22m[39m
    [90m 50| [39m        [34mrender[39m
([33m<[39m[33mButton[39m [33msize[39m
[33m=[39m[32m"lg"[39m[33m>[39mButton
[33m<[39m[33m/[39m[33mButton[39m[33m>
[39m)[33m;[39m
    [90m 51| [39m        [35mconst[39m 
button [33m=[39m screen[33m.[39m[34mge
tByRole[39m([32m'button'[39m)[33m;[39m
    [90m 52| [39m        [34mexpect[39m
(button)[33m.[39m[34mtoHaveClass[39m([
32m'h-14'[39m)[33m;[39m
    [90m   | [39m                       
[31m^[39m
    [90m 53| [39m    })[33m;[39m
    [90m 54| [39m

[31m[2mÔÄ»ÔÄ»ÔÄ»ÔÄ»ÔÄ»ÔÄ»ÔÄ»ÔÄ»ÔÄ»ÔÄ»ÔÄ»Ô
Ä»ÔÄ»ÔÄ»ÔÄ»ÔÄ»ÔÄ»ÔÄ»ÔÄ»ÔÄ»ÔÄ»ÔÄ»[25/35]ÔÄ»
[22m[39m

[41m[1m FAIL [22m[49m src/public/compon
ents/ui/Button.test.tsx[2m > 
[22mButton[2m > [22mshows loading 
spinner when isLoading is true
[31m[1mError[22m: [2mexpect([22m[31mr
eceived[31m[2m).toBeInTheDocument()[22m

[31mreceived[31m value must be an 
HTMLElement or an SVGElement.
Received has type:  Null
Received has value: [31mnull[31m[39m
[36m [2mÔØ»[22m src/public/components/ui
/Button.test.tsx:[2m57:57[22m[39m
    [90m 55| [39m    
[34mit[39m([32m'shows loading spinner 
when isLoading is true'[39m[33m,[39m () 
[33m=>[39m {
    [90m 56| [39m        [34mrender[39m
([33m<[39m[33mButton[39m [33misLoading
[39m[33m>[39mButton[33m<[39m[33m/[39
m[33mButton[39m[33m>[39m)[33m;[39m
    [90m 57| [39m        expect(document.
querySelector('.animate-spin')).toBeInTheDo
cumÔÇª
    [90m   | [39m                        
                                [31m^[39m
    [90m 58| [39m    })[33m;[39m
    [90m 59| [39m

[31m[2mÔÄ»ÔÄ»ÔÄ»ÔÄ»ÔÄ»ÔÄ»ÔÄ»ÔÄ»ÔÄ»ÔÄ»ÔÄ»Ô
Ä»ÔÄ»ÔÄ»ÔÄ»ÔÄ»ÔÄ»ÔÄ»ÔÄ»ÔÄ»ÔÄ»ÔÄ»[26/35]ÔÄ»
[22m[39m

[41m[1m FAIL [22m[49m src/public/compon
ents/ui/Button.test.tsx[2m > 
[22mButton[2m > [22mdisables button 
when isLoading is true
[31m[1mError[22m: [2mexpect([22m[31me
lement[31m[2m).toBeDisabled()[22m

Received element is not disabled:
  [31m<button
  class="rounded-xl font-semibold 
transition-all duration-300 
focus:outline-none focus:ring-4 
focus:ring-accent/50 text-base py-3 px-6 
inline-flex justify-center items-center 
bg-accent text-white 
hover:bg-accent-secondary hover:shadow-lg 
hover:shadow-accent/30"
  tabindex="0"
/>[31m[39m
[36m [2mÔØ»[22m src/public/components/ui
/Button.test.tsx:[2m62:44[22m[39m
    [90m 60| [39m    
[34mit[39m([32m'disables button when 
isLoading is true'[39m[33m,[39m () 
[33m=>[39m {
    [90m 61| [39m        [34mrender[39m
([33m<[39m[33mButton[39m [33misLoading
[39m[33m>[39mButton[33m<[39m[33m/[39
m[33mButton[39m[33m>[39m)[33m;[39m
    [90m 62| [39m        [34mexpect[39m
(screen[33m.[39m[34mgetByRole[39m([32m
'button'[39m))[33m.[39m[34mtoBeDisabled
[39m()[33m;[39m
    [90m   | [39m                        
                   [31m^[39m
    [90m 63| [39m    })[33m;[39m
    [90m 64| [39m

[31m[2mÔÄ»ÔÄ»ÔÄ»ÔÄ»ÔÄ»ÔÄ»ÔÄ»ÔÄ»ÔÄ»ÔÄ»ÔÄ»Ô
Ä»ÔÄ»ÔÄ»ÔÄ»ÔÄ»ÔÄ»ÔÄ»ÔÄ»ÔÄ»ÔÄ»ÔÄ»[27/35]ÔÄ»
[22m[39m

[41m[1m FAIL [22m[49m src/public/compon
ents/ui/Button.test.tsx[2m > 
[22mButton[2m > [22mhas active scale 
effect
[31m[1mError[22m: [2mexpect([22m[31me
lement[31m[2m).toHaveClass([22m[32m[32
m"active:scale-[0.98]"[32m[31m[2m)[22m

Expected the element to have class:
[32m  active:scale-[0.98][31m
Received:
[31m  rounded-xl font-semibold 
transition-all duration-300 
focus:outline-none focus:ring-4 
focus:ring-accent/50 text-base py-3 px-6 
inline-flex justify-center items-center 
bg-accent text-white 
hover:bg-accent-secondary hover:shadow-lg 
hover:shadow-accent/30[31m[39m
[36m [2mÔØ»[22m src/public/components/ui
/Button.test.tsx:[2m107:44[22m[39m
    [90m105| [39m    
[34mit[39m([32m'has active scale 
effect'[39m[33m,[39m () [33m=>[39m {
    [90m106| [39m        [34mrender[39m
([33m<[39m[33mButton[39m[33m>[39mButt
on[33m<[39m[33m/[39m[33mButton[39m[3
3m>[39m)[33m;[39m
    [90m107| [39m        expect(screen.ge
tByRole('button')).toHaveClass('active:scal
e-[ÔÇª
    [90m   | [39m                        
                   [31m^[39m
    [90m108| [39m    })[33m;[39m
    [90m109| [39m})[33m;[39m

[31m[2mÔÄ»ÔÄ»ÔÄ»ÔÄ»ÔÄ»ÔÄ»ÔÄ»ÔÄ»ÔÄ»ÔÄ»ÔÄ»Ô
Ä»ÔÄ»ÔÄ»ÔÄ»ÔÄ»ÔÄ»ÔÄ»ÔÄ»ÔÄ»ÔÄ»ÔÄ»[28/35]ÔÄ»
[22m[39m

[41m[1m FAIL [22m[49m 
src/public/components/ui/Card.test.tsx[2m 
> [22mCard[2m > [22mapplies glass 
variant styles
[31m[1mError[22m: [2mexpect([22m[31me
lement[31m[2m).toHaveClass([22m[32m[32
m"glass-panel"[32m[31m[2m)[22m

Expected the element to have class:
[32m  glass-panel[31m
Received:
[31m  bg-card p-6 sm:p-8 rounded-xl 
border border-gray-800/80 
transition-shadow duration-300 
animate-subtle-pulse[31m[39m
[36m [2mÔØ»[22m src/public/components/ui
/Card.test.tsx:[2m14:38[22m[39m
    [90m 12| [39m    
[34mit[39m([32m'applies glass variant 
styles'[39m[33m,[39m () [33m=>[39m {
    [90m 13| [39m        const { 
container } = render(<Card 
variant="glass">Content</CaÔÇª
    [90m 14| [39m        [34mexpect[39m
(container[33m.[39mfirstChild)[33m.[39m
[34mtoHaveClass[39m([32m'glass-panel'[3
9m)[33m;[39m
    [90m   | [39m                        
             [31m^[39m
    [90m 15| [39m    })[33m;[39m
    [90m 16| [39m

[31m[2mÔÄ»ÔÄ»ÔÄ»ÔÄ»ÔÄ»ÔÄ»ÔÄ»ÔÄ»ÔÄ»ÔÄ»ÔÄ»Ô
Ä»ÔÄ»ÔÄ»ÔÄ»ÔÄ»ÔÄ»ÔÄ»ÔÄ»ÔÄ»ÔÄ»ÔÄ»[29/35]ÔÄ»
[22m[39m

[41m[1m FAIL [22m[49m 
src/public/components/ui/Card.test.tsx[2m 
> [22mCard[2m > [22mapplies solid 
variant styles
[31m[1mError[22m: [2mexpect([22m[31me
lement[31m[2m).toHaveClass([22m[32m[32
m"bg-surface"[32m[31m[2m)[22m

Expected the element to have class:
[32m  bg-surface[31m
Received:
[31m  bg-card p-6 sm:p-8 rounded-xl 
border border-gray-800/80 
transition-shadow duration-300 
animate-subtle-pulse[31m[39m
[36m [2mÔØ»[22m src/public/components/ui
/Card.test.tsx:[2m19:38[22m[39m
    [90m 17| [39m    
[34mit[39m([32m'applies solid variant 
styles'[39m[33m,[39m () [33m=>[39m {
    [90m 18| [39m        const { 
container } = render(<Card 
variant="solid">Content</CaÔÇª
    [90m 19| [39m        [34mexpect[39m
(container[33m.[39mfirstChild)[33m.[39m
[34mtoHaveClass[39m([32m'bg-surface'[39
m)[33m;[39m
    [90m   | [39m                        
             [31m^[39m
    [90m 20| [39m    })[33m;[39m
    [90m 21| [39m

[31m[2mÔÄ»ÔÄ»ÔÄ»ÔÄ»ÔÄ»ÔÄ»ÔÄ»ÔÄ»ÔÄ»ÔÄ»ÔÄ»Ô
Ä»ÔÄ»ÔÄ»ÔÄ»ÔÄ»ÔÄ»ÔÄ»ÔÄ»ÔÄ»ÔÄ»ÔÄ»[30/35]ÔÄ»
[22m[39m

[41m[1m FAIL [22m[49m 
src/public/components/ui/Card.test.tsx[2m 
> [22mCard[2m > [22mdefaults to solid 
variant
[31m[1mError[22m: [2mexpect([22m[31me
lement[31m[2m).toHaveClass([22m[32m[32
m"bg-surface"[32m[31m[2m)[22m

Expected the element to have class:
[32m  bg-surface[31m
Received:
[31m  bg-card p-6 sm:p-8 rounded-xl 
border border-gray-800/80 
transition-shadow duration-300 
animate-subtle-pulse[31m[39m
[36m [2mÔØ»[22m src/public/components/ui
/Card.test.tsx:[2m24:38[22m[39m
    [90m 22| [39m    
[34mit[39m([32m'defaults to solid 
variant'[39m[33m,[39m () [33m=>[39m {
    [90m 23| [39m        [35mconst[39m 
{ container } [33m=[39m [34mrender[39m(
[33m<[39m[33mCard[39m[33m>[39mContent
[33m<[39m[33m/[39m[33mCard[39m[33m>
[39m)[33m;[39m
    [90m 24| [39m        [34mexpect[39m
(container[33m.[39mfirstChild)[33m.[39m
[34mtoHaveClass[39m([32m'bg-surface'[39
m)[33m;[39m
    [90m   | [39m                        
             [31m^[39m
    [90m 25| [39m    })[33m;[39m
    [90m 26| [39m

[31m[2mÔÄ»ÔÄ»ÔÄ»ÔÄ»ÔÄ»ÔÄ»ÔÄ»ÔÄ»ÔÄ»ÔÄ»ÔÄ»Ô
Ä»ÔÄ»ÔÄ»ÔÄ»ÔÄ»ÔÄ»ÔÄ»ÔÄ»ÔÄ»ÔÄ»ÔÄ»[31/35]ÔÄ»
[22m[39m

[41m[1m FAIL [22m[49m 
src/public/components/ui/Card.test.tsx[2m 
> [22mCard[2m > [22mapplies hover 
effect when enabled
[31m[1mError[22m: [2mexpect([22m[31me
lement[31m[2m).toHaveClass([22m[32m[32
m"hover:shadow-lg"[32m[31m[2m)[22m

Expected the element to have class:
[32m  hover:shadow-lg[31m
Received:
[31m  bg-card p-6 sm:p-8 rounded-xl 
border border-gray-800/80 
transition-shadow duration-300 
animate-subtle-pulse[31m[39m
[36m [2mÔØ»[22m src/public/components/ui
/Card.test.tsx:[2m29:38[22m[39m
    [90m 27| [39m    
[34mit[39m([32m'applies hover effect 
when enabled'[39m[33m,[39m () 
[33m=>[39m {
    [90m 28| [39m        [35mconst[39m 
{ container } [33m=[39m 
[34mrender[39m([33m<[39m[33mCard[39m 
[33mhoverEffect[39m[33m>[39mContent[33
m<[39m[33m/[39m[33mCard[39m[33m>[39m
)[33m;[39m
    [90m 29| [39m        [34mexpect[39m
(container[33m.[39mfirstChild)[33m.[39m
[34mtoHaveClass[39m([32m'hover:shadow-lg
'[39m)[33m;[39m
    [90m   | [39m                        
             [31m^[39m
    [90m 30| [39m    })[33m;[39m
    [90m 31| [39m

[31m[2mÔÄ»ÔÄ»ÔÄ»ÔÄ»ÔÄ»ÔÄ»ÔÄ»ÔÄ»ÔÄ»ÔÄ»ÔÄ»Ô
Ä»ÔÄ»ÔÄ»ÔÄ»ÔÄ»ÔÄ»ÔÄ»ÔÄ»ÔÄ»ÔÄ»ÔÄ»[32/35]ÔÄ»
[22m[39m

[2m Test Files [22m [1m[31m5 failed[39m[22m[2m | [22m[1m[32m3 passed[39m[22m[90m (8)[39m
[2m      Tests [22m [1m[31m35 failed[39m[22m[2m | [22m[1m[32m46 passed[39m[22m[90m (81)[39m
[2m   Start at [22m 23:56:05
[2m   Duration [22m 3.80s[2m (transform 593ms, setup 2.84s, import 1.84s, tests 1.22s, environment 10.82s)[22m


[41m[1m FAIL [22m[49m 
src/public/components/ui/Card.test.tsx[2m 
> [22mCard[2m > [22mforwards additional 
props
[31m[1mError[22m: [2mexpect([22m[31me
lement[31m[2m).toHaveAttribute([22m[32m
[32m"data-testid"[32m[31m[2m, 
[22m[32m[32m"card"[32m[31m[2m) // 
element.getAttribute("data-testid") === 
"card"[22m

Expected the element to have attribute:
[32m  data-testid="card"[31m
Received:
[31m  null[31m[39m
[36m [2mÔØ»[22m src/public/components/ui
/Card.test.tsx:[2m44:38[22m[39m
    [90m 42| [39m    
[34mit[39m([32m'forwards additional 
props'[39m[33m,[39m () [33m=>[39m {
    [90m 43| [39m        const { 
container } = render(<Card 
data-testid="card">Content<ÔÇª
    [90m 44| [39m        expect(container
.firstChild).toHaveAttribute('data-testid',
 'cÔÇª
    [90m   | [39m                        
             [31m^[39m
    [90m 45| [39m    })[33m;[39m
    [90m 46| [39m

[31m[2mÔÄ»ÔÄ»ÔÄ»ÔÄ»ÔÄ»ÔÄ»ÔÄ»ÔÄ»ÔÄ»ÔÄ»ÔÄ»Ô
Ä»ÔÄ»ÔÄ»ÔÄ»ÔÄ»ÔÄ»ÔÄ»ÔÄ»ÔÄ»ÔÄ»ÔÄ»[33/35]ÔÄ»
[22m[39m

[41m[1m FAIL [22m[49m 
src/public/components/ui/Card.test.tsx[2m 
> [22mCard[2m > [22mhas rounded corners
[31m[1mError[22m: [2mexpect([22m[31me
lement[31m[2m).toHaveClass([22m[32m[32
m"rounded-2xl"[32m[31m[2m)[22m

Expected the element to have class:
[32m  rounded-2xl[31m
Received:
[31m  bg-card p-6 sm:p-8 rounded-xl 
border border-gray-800/80 
transition-shadow duration-300 
animate-subtle-pulse[31m[39m
[36m [2mÔØ»[22m src/public/components/ui
/Card.test.tsx:[2m49:38[22m[39m
    [90m 47| [39m    
[34mit[39m([32m'has rounded 
corners'[39m[33m,[39m () [33m=>[39m {
    [90m 48| [39m        [35mconst[39m 
{ container } [33m=[39m [34mrender[39m(
[33m<[39m[33mCard[39m[33m>[39mContent
[33m<[39m[33m/[39m[33mCard[39m[33m>
[39m)[33m;[39m
    [90m 49| [39m        [34mexpect[39m
(container[33m.[39mfirstChild)[33m.[39m
[34mtoHaveClass[39m([32m'rounded-2xl'[3
9m)[33m;[39m
    [90m   | [39m                        
             [31m^[39m
    [90m 50| [39m    })[33m;[39m
    [90m 51| [39m

[31m[2mÔÄ»ÔÄ»ÔÄ»ÔÄ»ÔÄ»ÔÄ»ÔÄ»ÔÄ»ÔÄ»ÔÄ»ÔÄ»Ô
Ä»ÔÄ»ÔÄ»ÔÄ»ÔÄ»ÔÄ»ÔÄ»ÔÄ»ÔÄ»ÔÄ»ÔÄ»[34/35]ÔÄ»
[22m[39m

[41m[1m FAIL [22m[49m 
src/public/components/ui/Card.test.tsx[2m 
> [22mCard[2m > [22mhas transition 
animation
[31m[1mError[22m: [2mexpect([22m[31me
lement[31m[2m).toHaveClass([22m[32m[32
m"transition-all"[32m[31m[2m)[22m

Expected the element to have class:
[32m  transition-all[31m
Received:
[31m  bg-card p-6 sm:p-8 rounded-xl 
border border-gray-800/80 
transition-shadow duration-300 
animate-subtle-pulse[31m[39m
[36m [2mÔØ»[22m src/public/components/ui
/Card.test.tsx:[2m54:38[22m[39m
    [90m 52| [39m    
[34mit[39m([32m'has transition 
animation'[39m[33m,[39m () [33m=>[39m 
{
    [90m 53| [39m        [35mconst[39m 
{ container } [33m=[39m [34mrender[39m(
[33m<[39m[33mCard[39m[33m>[39mContent
[33m<[39m[33m/[39m[33mCard[39m[33m>
[39m)[33m;[39m
    [90m 54| [39m        [34mexpect[39m
(container[33m.[39mfirstChild)[33m.[39m
[34mtoHaveClass[39m([32m'transition-all'
[39m)[33m;[39m
    [90m   | [39m                        
             [31m^[39m
    [90m 55| [39m    })[33m;[39m
    [90m 56| [39m})[33m;[39m

[31m[2mÔÄ»ÔÄ»ÔÄ»ÔÄ»ÔÄ»ÔÄ»ÔÄ»ÔÄ»ÔÄ»ÔÄ»ÔÄ»Ô
Ä»ÔÄ»ÔÄ»ÔÄ»ÔÄ»ÔÄ»ÔÄ»ÔÄ»ÔÄ»ÔÄ»ÔÄ»[35/35]ÔÄ»
[22m[39m

